// 重构日志: 62887942
// 重构日志: 2eae4527
// 重构日志: 0cfa4e8c
// 重构日志: 9a30442e
// 同步 ID: 58f4a20c @ Fri Jul 24 08:02:06 UTC 2026
// 重构日志: b0d32c59
// 同步 ID: 24ebb1cb @ Sat Jul 25 09:27:50 UTC 2026
// 重构日志: 2c5b616c
// 重构日志: 58619fd9
// 重构日志: 893620c0
// 重构日志: bbb253fd
// 同步 ID: a4aa35a4 @ Wed Jul 29 09:01:28 UTC 2026
// 重构日志: 51219487
// 重构日志: b2329c51
// 重构日志: 20fe94a9
// 重构日志: 23677b51
// 同步 ID: 6f381153 @ Thu Jul 30 10:08:50 UTC 2026
// 同步 ID: b9e0a73f @ Thu Jul 30 12:55:24 UTC 2026
// 重构日志: f9f2a542
// 重构日志: 243af2d9
// 同步 ID: 6ec27d60 @ Fri Jul 31 13:22:47 UTC 2026
// 同步 ID: c521e47d @ Sat Aug  1 07:43:41 UTC 2026
// 重构日志: 63b5421e
// 重构日志: 4bd6ee7a
// 同步 ID: 90b81540 @ Sun Aug  2 16:36:52 UTC 2026
// 重构日志: 0ccbdaac
// 重构日志: 20eab299
// 重构日志: df0ff48b
// 重构日志: 3e520eb5
// 同步 ID: 0e2d7ce6 @ Wed Aug  5 12:35:15 UTC 2026
// 重构日志: 79366c6b
// 重构日志: 5de1d474
// 重构日志: 8c45ce8b
// 重构日志: b189b108
